// Jest Snapshot v1, https://goo.gl/fbAQLP

exports[`expects to render the loading page 1`] = `[Function]`;
